error: cannot find attribute `export` in this scope
  --> $DIR/derive_fail_methods.rs:12:7
   |
12 |     #[export]
   |       ^^^^^^
