error: #[methods] does not take parameters.
 --> $DIR/derive_fail_methods_param.rs:7:11
  |
7 | #[methods(foo=bar)]
  |           ^^^^^^^
