error: String expected, wrap with double quotes.
 --> $DIR/to_variant_fail_06.rs:6:33
  |
6 |     #[variant(to_variant_with = path)]
  |                                 ^^^^
